---
source: crates/otlyra-layout/tests/flow.rs
expression: "dump::serialize_fragments(&tree)"
---
BOX at (0.0, 0.0) size 800.0x600.0
  BOX at (0.0, 16.0) size 800.0x21.0
    BOX at (8.0, 16.0) size 784.0x21.0
      BOX at (8.0, 16.0) size 784.0x21.0
        LINE at (8.0, 16.0) size 34.2x21.0
          TEXT 5 glyphs at (8.0, 16.0) size 34.2x21.0
