---
source: crates/otlyra-layout/tests/flow.rs
expression: first
---
BOX at (0.0, 0.0) size 300.0x600.0
  BOX at (0.0, 21.4) size 300.0x106.4
    BOX at (8.0, 21.4) size 284.0x106.4
      BOX at (8.0, 21.4) size 284.0x43.0
        LINE at (8.0, 21.4) size 53.4x43.0
          TEXT 5 glyphs at (8.0, 21.4) size 53.4x43.0
      BOX at (8.0, 85.9) size 284.0x42.0
        LINE at (8.0, 85.9) size 284.3x21.0
          TEXT 40 glyphs at (8.0, 85.9) size 284.3x21.0
        LINE at (8.0, 106.9) size 27.1x21.0
          TEXT 3 glyphs at (8.0, 106.9) size 27.1x21.0
